// Vitest Snapshot v1, https://vitest.dev/guide/snapshot.html

exports[`jsonToLatex > converts json to latex correctly 1`] = `"\\subsection{Vzdělávací obsah}"`;
